Digite seu nome: 
Digite sua idade: 
Digite sua altura em metros (ex: 1.75): 
--- Resultado ---
Nome: Thaissa
Idade: 22
Altura: 1.64 m
