Valor de i = 1
Valor de i = 2
Valor de i = 3
Valor de i = 4
Valor de i = 5

Valor de k = 10
