Valor de j = 5
AMÉM
Valor de j = 4
AMÉM
Valor de j = 3
AMÉM
Valor de j = 2
AMÉM
Valor de j = 1
AMÉM
