caro usuario este programa calculara 3 notas com seus respesquitivos pesos e a media da nota sera o conceito recebido.
para comecar aperte enter primeiro declare a nota do trabalho de laboratorio com peso 2 

agora declare a nota da avaliacao semestral com peso 3 

por fim declare a nota do exame final com peso 5 

caro usuario sua media e 2.0 e seu conceito e E
 
para encerrar o programa aperte qualquer tecla.